[09:29:10.929] [INFO] storybook v10.6.0
[09:29:11.051] [DEBUG] Getting package.json info for /Users/khawkins/Documents/git/drupal-base/.ddev/related-repos/undrr-mangrove/package.json...
[09:29:11.649] [DEBUG] Serving static files from node_modules/@chromatic-com/storybook/assets at /addon-visual-tests-assets
[09:29:11.649] [DEBUG] Serving static files from stories/assets at /
[09:29:11.649] [INFO] Starting...
[09:29:11.693] [DEBUG] readDependencyManifest: could not resolve "stylelint-config-recommended-scss"
[09:29:11.694] [DEBUG] readDependencyManifest: could not resolve "stylelint-config-standard-scss"
[09:29:12.539] [DEBUG] Starting preview..
[09:29:12.553] [INFO] Addon-docs: using MDX3
[09:29:12.556] [INFO] Using implicit CSS loaders
[09:29:12.609] [INFO] Using default Webpack5 setup
[09:29:12.876] [DEBUG] Using tsconfig paths for react-docgen
[09:29:20.859] [WARN] export 'Meta' (imported as 'Meta') was not found in '@storybook/addon-docs' (possible exports: DocsRenderer, default)
[09:29:20.859] [WARN] export 'Meta' (imported as 'Meta') was not found in '@storybook/addon-docs' (possible exports: DocsRenderer, default)
[09:29:20.859] [WARN] Module Warning (from ./node_modules/sass-loader/dist/cjs/index.js):
The .mg-search--hide-* CSS classes in syndication-search-widget.scss are deprecated and scheduled for removal in November 2026 (see https://github.com/unisdr/undrr-mangrove/pull/1077). Use React's visibleTeaserFields prop for programmatic DOM stripping instead.

stories/Components/SyndicationSearchWidget/_deprecated-teaser-hide.scss 19:1   @import
stories/Components/SyndicationSearchWidget/syndication-search-widget.scss 9:9  @import
stories/assets/scss/_components.scss 78:9                                      @import
stories/assets/scss/style-delta.scss 8:9                                       root stylesheet

[09:29:20.861] [WARN] Module Warning (from ./node_modules/sass-loader/dist/cjs/index.js):
The .mg-search--hide-* CSS classes in syndication-search-widget.scss are deprecated and scheduled for removal in November 2026 (see https://github.com/unisdr/undrr-mangrove/pull/1077). Use React's visibleTeaserFields prop for programmatic DOM stripping instead.

stories/Components/SyndicationSearchWidget/_deprecated-teaser-hide.scss 19:1   @import
stories/Components/SyndicationSearchWidget/syndication-search-widget.scss 9:9  @import
stories/assets/scss/_components.scss 78:9                                      @import
stories/assets/scss/style-irp.scss 8:9                                         root stylesheet

[09:29:20.861] [WARN] Module Warning (from ./node_modules/sass-loader/dist/cjs/index.js):
The .mg-search--hide-* CSS classes in syndication-search-widget.scss are deprecated and scheduled for removal in November 2026 (see https://github.com/unisdr/undrr-mangrove/pull/1077). Use React's visibleTeaserFields prop for programmatic DOM stripping instead.

stories/Components/SyndicationSearchWidget/_deprecated-teaser-hide.scss 19:1   @import
stories/Components/SyndicationSearchWidget/syndication-search-widget.scss 9:9  @import
stories/assets/scss/_components.scss 78:9                                      @import
stories/assets/scss/style-mcr.scss 8:9                                         root stylesheet

[09:29:20.862] [WARN] Module Warning (from ./node_modules/sass-loader/dist/cjs/index.js):
The .mg-search--hide-* CSS classes in syndication-search-widget.scss are deprecated and scheduled for removal in November 2026 (see https://github.com/unisdr/undrr-mangrove/pull/1077). Use React's visibleTeaserFields prop for programmatic DOM stripping instead.

stories/Components/SyndicationSearchWidget/_deprecated-teaser-hide.scss 19:1   @import
stories/Components/SyndicationSearchWidget/syndication-search-widget.scss 9:9  @import
stories/assets/scss/_components.scss 78:9                                      @import
stories/assets/scss/style-preventionweb.scss 8:9                               root stylesheet

[09:29:20.863] [WARN] Module Warning (from ./node_modules/sass-loader/dist/cjs/index.js):
The .mg-search--hide-* CSS classes in syndication-search-widget.scss are deprecated and scheduled for removal in November 2026 (see https://github.com/unisdr/undrr-mangrove/pull/1077). Use React's visibleTeaserFields prop for programmatic DOM stripping instead.

stories/Components/SyndicationSearchWidget/_deprecated-teaser-hide.scss 19:1   @import
stories/Components/SyndicationSearchWidget/syndication-search-widget.scss 9:9  @import
stories/assets/scss/_components.scss 78:9                                      @import
stories/assets/scss/style.scss 7:9                                             root stylesheet

[09:29:20.864] [DEBUG] Change detection enabled.
[09:29:20.869] [WARN] Force closed preview build
[09:29:20.870] [ERROR] [38;2;241;97;97mError: listen EADDRINUSE: address already in use :::6006[39m
    at Server.setupListenHandle [as _listen2] (node:net:2009:16)
    at listenInCluster (node:net:2066:12)
    at Server.listen (node:net:2171:7)
    at _Polka.listen (file://./node_modules/storybook/dist/core-server/index.js:7804:110)
    at file://./node_modules/storybook/dist/core-server/index.js:8515:39
    at new Promise (<anonymous>)
    at storybookDevServer (file://./node_modules/storybook/dist/core-server/index.js:8514:19)
    at process.processTicksAndRejections (node:internal/process/task_queues:104:5)
    at async buildOrThrow (file://./node_modules/storybook/dist/core-server/index.js:7270:12)
    at async buildDevStandalone (file://./node_modules/storybook/dist/core-server/index.js:9320:41)
    at async withTelemetry (file://./node_modules/storybook/dist/_node-chunks/chunk-FTP3QZ7O.js:142:12)
    at async dev (file://./node_modules/storybook/dist/bin/core.js:4906:3)
    at async _Command.<anonymous> (file://./node_modules/storybook/dist/bin/core.js:5014:3)
[09:29:20.871] [WARN] Broken build, fix the error above.
You may need to refresh the browser.
[09:29:20.989] [DEBUG] Change detection graph built: 80 stories, 229 deps tracked, 102ms